{
  "adapterId": "cursor-cli",
  "coverage": {
    "adapterId": "cursor-cli",
    "expectedItems": 77,
    "gaps": [
      {
        "code": "no-cost-in-cli-output",
        "message": "cursor-agent print output reports no charge or price; money stays unavailable from this source."
      },
      {
        "code": "no-reasoning-tokens",
        "message": "cursor-agent usage reports input/output/cacheRead/cacheWrite only; reasoning tokens are unavailable."
      },
      {
        "code": "no-branch-in-cli-output",
        "message": "CLI output carries cwd but no Git branch; branch comes from the collect context only."
      },
      {
        "code": "may-overlap-hooks-stop",
        "message": "The same turn may also be reported by Cursor Stop hooks; correlation must collapse by session/request, never sum."
      }
    ],
    "observedItems": 1,
    "state": "partial",
    "watermark": "2026-09-30T12:47:49.059Z",
    "windowFrom": "2026-09-30T12:47:49.059Z",
    "windowTo": "2026-09-30T12:47:49.059Z"
  },
  "duplicates": 0,
  "inserted": 1
}
