{
  "adapterId": "cursor-hooks",
  "coverage": {
    "adapterId": "cursor-hooks",
    "expectedItems": 20,
    "gaps": [
      {
        "code": "hooks-begin-at-install",
        "message": "hook events exist only after project .cursor/hooks.json is installed; earlier history needs a labelled import"
      },
      {
        "code": "stop-usage-unverified",
        "message": "stop-hook token/cost fields are kept raw with semanticsVerified=false and must not be summed until a semantic probe passes"
      },
      {
        "code": "live-capture-not-demonstrated",
        "message": "no authenticated cursor-agent session was available to this worker; payload shapes come from documented fixtures"
      }
    ],
    "observedItems": 20,
    "state": "complete",
    "watermark": "001790772469504-49bf9b675ef5b5399830fd42.json",
    "windowFrom": "2026-09-30T12:47:20.849Z",
    "windowTo": "2026-09-30T12:47:49.504Z"
  },
  "duplicates": 0,
  "inserted": 19
}
